src/components/SmoothScrollProvider.tsx(3,19): error TS2307: Cannot find module 'lenis' or its corresponding type declarations.
